<html>
<body>
<pre>
<h1>礦ision Build Log</h1>
<h2>Project:</h2>
D:\Desktop\计算机CAN总线\19、CAN通信\19、CAN通信\6.17.1.26\Mutual\CAN从机\USER\STM32-DEMO.uvproj
Project File Date:  06/17/2016

<h2>Output:</h2>
Rebuild target 'CAN-Mutual从机'
assembling startup_stm32f10x_hd.s...
compiling main.c...
compiling stm32f10x_it.c...
compiling can.c...
compiling usart1.c...
compiling DHT11.c...
compiling SysTick.c...
compiling misc.c...
compiling stm32f10x_can.c...
compiling stm32f10x_gpio.c...
compiling stm32f10x_rcc.c...
compiling stm32f10x_usart.c...
compiling core_cm3.c...
compiling system_stm32f10x.c...
linking...
Program Size: Code=9108 RO-data=336 RW-data=60 ZI-data=1068  
FromELF: creating hex file...
"..\Output\STM32-DEMO.axf" - 0 Error(s), 0 Warning(s).
</pre>
</body>
</html>
MO.axf" 

JLink info:
-----------
DLL: V4.09p, compiled Oct 28 2009 17:33:00
Firmware: J-Link ARM V8 compiled Nov 28 2014 13:44:46
Hardware: V8.00
S/N : 17935099 
Feature(s) : RDI,FlashDL,FlashBP,JFlash 
---
* JLink Info: TotalIRLen = 9, IRPrint = 0x0011
* JLink Info: Found Cortex-M3 r1p1, Little endian.
* JLink Info: TPIU fitted.
* JLink Info: ETM fitted.
* JLink Info:   FPUnit: 6 code (BP) slots and 2 literal slots
* JLink Info: TotalIRLen = 9, IRPrint = 0x0011
* JLink Info: Found Cortex-M3 r1p1, Little endian.
* JLink Info: TPIU fitted.
* JLink Info: ETM fitted.
* JLink Info:   FPUnit: 6 code (BP) slots and 2 literal slots

Target info:
------------
Device: STM32F103VE
VTarget = 3.313V
State of Pins: 
TCK: 1, TDI: 0, TDO: 0, TMS: 0, TRES: 1, TRST: 1
* JLink Info: TotalIRLen = 9, IRPrint = 0x0011
* JLink Info: Found Cortex-M3 r1p1, Little endian.
* JLink Info: TPIU fitted.
* JLink Info: ETM fitted.
* JLink Info:   FPUnit: 6 code (BP) slots and 2 literal slots
Hardware-Breakpoints: 6
Software-Breakpoints: 2048
Watchpoints:          4
JTAG speed: 2000 kHz
---
* JLink Info: TotalIRLen = 9, IRPrint = 0x0011
* JLink Info: Found Cortex-M3 r1p1, Little endian.
* JLink Info: TPIU fitted.
* JLink Info: ETM fitted.
* JLink Info:   FPUnit: 6 code (BP) slots and 2 literal slots
Full Chip Erase Done.
Programming Done.
Verify OK.
* JLink Info: TotalIRLen = 9, IRPrint = 0x0011
* JLink Info: Found Cortex-M3 r1p1, Little endian.
* JLink Info: TPIU fitted.
* JLink Info: ETM fitted.
* JLink Info:   FPUnit: 6 code (BP) slots and 2 literal slots
Application running ...
